============================= test session starts =============================
platform win32 -- Python 3.13.11, pytest-9.0.2, pluggy-1.6.0 -- C:\Users\micha\AppData\Local\Programs\Python\Python313\python.exe
cachedir: .pytest_cache
rootdir: D:\Coding\tunix-rt\backend
configfile: pyproject.toml
testpaths: tests
plugins: anyio-4.12.0, asyncio-1.3.0, cov-7.0.0
asyncio: mode=Mode.STRICT, debug=False, asyncio_default_fixture_loop_scope=None, asyncio_default_test_loop_scope=function
collecting ... collected 133 items

tests/test_datasets.py::TestDatasetHelpers::test_create_dataset_key PASSED [  0%]
tests/test_datasets.py::TestDatasetHelpers::test_get_datasets_dir_creates_directory PASSED [  1%]
tests/test_datasets.py::TestDatasetHelpers::test_save_and_load_manifest PASSED [  2%]
tests/test_datasets.py::TestDatasetHelpers::test_load_manifest_not_found PASSED [  3%]
tests/test_datasets.py::TestDatasetHelpers::test_compute_dataset_stats_empty PASSED [  3%]
tests/test_datasets.py::TestDatasetHelpers::test_compute_dataset_stats PASSED [  4%]
tests/test_datasets.py::TestDatasetBuildEndpoint::test_build_dataset_latest_strategy PASSED [  5%]
tests/test_datasets.py::TestDatasetBuildEndpoint::test_build_dataset_random_strategy PASSED [  6%]
tests/test_datasets.py::TestDatasetBuildEndpoint::test_build_dataset_random_requires_seed PASSED [  6%]
tests/test_datasets.py::TestDatasetBuildEndpoint::test_build_dataset_with_optional_fields PASSED [  7%]
tests/test_datasets.py::TestDatasetExportEndpoint::test_export_dataset_success PASSED [  8%]
tests/test_datasets.py::TestDatasetExportEndpoint::test_export_dataset_not_found PASSED [  9%]
tests/test_datasets.py::TestDatasetExportEndpoint::test_export_dataset_maintains_order PASSED [  9%]
tests/test_datasets.py::TestDatasetExportEndpoint::test_export_dataset_training_example_format PASSED [ 10%]
tests/test_datasets.py::TestDatasetExportEndpoint::test_export_dataset_invalid_format PASSED [ 11%]
tests/test_health.py::test_health_endpoint_returns_200 PASSED            [ 12%]
tests/test_health.py::test_health_endpoint_returns_correct_json PASSED   [ 12%]
tests/test_helpers.py::test_get_trace_or_404_success PASSED              [ 13%]
tests/test_helpers.py::test_get_trace_or_404_not_found PASSED            [ 14%]
tests/test_helpers.py::test_get_trace_or_404_with_label PASSED           [ 15%]
tests/test_redi_health.py::test_redi_health_with_healthy_mock PASSED     [ 15%]
tests/test_redi_health.py::test_redi_health_with_unhealthy_mock PASSED   [ 16%]
tests/test_redi_health.py::test_redi_health_with_exception_raising_client PASSED [ 17%]
tests/test_redi_health.py::test_real_redi_client_http_error PASSED       [ 18%]
tests/test_redi_health.py::test_real_redi_client_constructs_url_correctly PASSED [ 18%]
tests/test_redi_health.py::test_redi_client_non_2xx_response PASSED      [ 19%]
tests/test_redi_health.py::test_redi_client_timeout PASSED               [ 20%]
tests/test_redi_health.py::test_redi_client_connection_refused PASSED    [ 21%]
tests/test_redi_health.py::test_get_redi_client_returns_mock_in_mock_mode PASSED [ 21%]
tests/test_redi_health.py::test_get_redi_client_returns_real_in_real_mode PASSED [ 22%]
tests/test_redi_health.py::test_redi_health_cache_hit PASSED             [ 23%]
tests/test_redi_health.py::test_redi_health_cache_expiry PASSED          [ 24%]
tests/test_renderers.py::TestTunixSFTRenderer::test_render_tunix_sft_prompt_basic PASSED [ 24%]
tests/test_renderers.py::TestTunixSFTRenderer::test_render_tunix_sft_prompt_multiple_steps PASSED [ 25%]
tests/test_renderers.py::TestTunixSFTRenderer::test_render_tunix_sft_prompt_deterministic PASSED [ 26%]
tests/test_renderers.py::TestTunixSFTRenderer::test_render_tunix_sft_prompt_empty_steps PASSED [ 27%]
tests/test_renderers.py::TestTunixSFTRenderer::test_render_tunix_sft_prompt_preserves_special_chars PASSED [ 27%]
tests/test_renderers.py::TestTunixSFTRenderer::test_render_tunix_sft_prompt_multiline_content PASSED [ 28%]
tests/test_renderers.py::TestRenderTraceForTraining::test_render_trace_for_training_tunix_sft PASSED [ 29%]
tests/test_renderers.py::TestRenderTraceForTraining::test_render_trace_for_training_default_format PASSED [ 30%]
tests/test_renderers.py::TestRenderTraceForTraining::test_render_trace_for_training_invalid_format PASSED [ 30%]
tests/test_renderers.py::TestGemmaITHelpers::test_render_gemma_turn_basic PASSED [ 31%]
tests/test_renderers.py::TestGemmaITHelpers::test_render_gemma_user_turn PASSED [ 32%]
tests/test_renderers.py::TestGemmaITHelpers::test_render_gemma_model_turn PASSED [ 33%]
tests/test_renderers.py::TestGemmaITHelpers::test_apply_system_instruction_with_instruction PASSED [ 33%]
tests/test_renderers.py::TestGemmaITHelpers::test_apply_system_instruction_without_instruction PASSED [ 34%]
tests/test_renderers.py::TestGemmaITHelpers::test_render_reasoning_steps_multiple PASSED [ 35%]
tests/test_renderers.py::TestGemmaITHelpers::test_render_reasoning_steps_empty PASSED [ 36%]
tests/test_renderers.py::TestGemmaITHelpers::test_render_reasoning_steps_single PASSED [ 36%]
tests/test_renderers.py::TestTunixSFTWithSystemInstruction::test_render_with_system_instruction PASSED [ 37%]
tests/test_renderers.py::TestTunixSFTWithSystemInstruction::test_render_without_system_instruction PASSED [ 38%]
tests/test_renderers.py::TestSnapshotStability::test_simple_trace_snapshot PASSED [ 39%]
tests/test_renderers.py::TestSnapshotStability::test_trace_with_system_snapshot PASSED [ 39%]
tests/test_scoring.py::TestBaselineScorer::test_baseline_score_minimal_trace PASSED [ 40%]
tests/test_scoring.py::TestBaselineScorer::test_baseline_score_ideal_trace PASSED [ 41%]
tests/test_scoring.py::TestBaselineScorer::test_baseline_score_capped_values PASSED [ 42%]
tests/test_scoring.py::TestBaselineScorer::test_baseline_score_varied_step_lengths PASSED [ 42%]
tests/test_scoring.py::TestScoreEndpoint::test_score_trace_success PASSED [ 43%]
tests/test_scoring.py::TestScoreEndpoint::test_score_trace_not_found PASSED [ 44%]
tests/test_scoring.py::TestScoreEndpoint::test_score_trace_default_criteria PASSED [ 45%]
tests/test_scoring.py::TestScoreEndpoint::test_score_trace_success_branch_explicit PASSED [ 45%]
tests/test_scoring.py::TestCompareEndpoint::test_compare_traces_success PASSED [ 46%]
tests/test_scoring.py::TestCompareEndpoint::test_compare_base_not_found PASSED [ 47%]
tests/test_scoring.py::TestCompareEndpoint::test_compare_other_not_found PASSED [ 48%]
tests/test_scoring.py::TestCompareEndpoint::test_compare_both_not_found PASSED [ 48%]
tests/test_scoring.py::TestCompareEndpoint::test_compare_same_trace_twice PASSED [ 49%]
tests/test_scoring.py::TestCompareEndpoint::test_compare_with_invalid_uuid_format PASSED [ 50%]
tests/test_scoring.py::TestCompareEndpoint::test_compare_both_traces_exist_explicit PASSED [ 51%]
tests/test_settings.py::test_settings_default_values PASSED              [ 51%]
tests/test_settings.py::test_settings_invalid_rediai_mode PASSED         [ 52%]
tests/test_settings.py::test_settings_invalid_rediai_base_url PASSED     [ 53%]
tests/test_settings.py::test_settings_invalid_backend_port_too_low PASSED [ 54%]
tests/test_settings.py::test_settings_invalid_backend_port_too_high PASSED [ 54%]
tests/test_settings.py::test_settings_valid_custom_values PASSED         [ 55%]
tests/test_settings.py::test_settings_rediai_health_url_property PASSED  [ 56%]
tests/test_traces.py::test_create_trace_success PASSED                   [ 57%]
tests/test_traces.py::test_create_and_get_trace PASSED                   [ 57%]
tests/test_traces.py::test_get_trace_not_found PASSED                    [ 58%]
tests/test_traces.py::test_create_trace_invalid_schema PASSED            [ 59%]
tests/test_traces.py::test_create_trace_empty_steps PASSED               [ 60%]
tests/test_traces.py::test_create_trace_duplicate_step_indices PASSED    [ 60%]
tests/test_traces.py::test_create_trace_oversized_payload PASSED         [ 61%]
tests/test_traces.py::test_list_traces_empty PASSED                      [ 62%]
tests/test_traces.py::test_list_traces_with_data PASSED                  [ 63%]
tests/test_traces.py::test_list_traces_pagination PASSED                 [ 63%]
tests/test_traces.py::test_list_traces_invalid_limit PASSED              [ 64%]
tests/test_traces.py::test_list_traces_negative_offset PASSED            [ 65%]
tests/test_traces.py::test_trace_list_excludes_payload PASSED            [ 66%]
tests/test_traces.py::test_get_trace_with_invalid_uuid_format PASSED     [ 66%]
tests/test_traces.py::test_list_traces_with_zero_limit PASSED            [ 67%]
tests/test_traces.py::test_get_trace_success_path_explicit PASSED        [ 68%]
tests/test_traces.py::test_list_traces_valid_pagination PASSED           [ 69%]
tests/test_traces_batch.py::TestBatchTraceCreation::test_create_traces_batch_success PASSED [ 69%]
tests/test_traces_batch.py::TestBatchTraceCreation::test_create_traces_batch_single PASSED [ 70%]
tests/test_traces_batch.py::TestBatchTraceCreation::test_create_traces_batch_empty PASSED [ 71%]
tests/test_traces_batch.py::TestBatchTraceCreation::test_create_traces_batch_exceeds_max_size PASSED [ 72%]
tests/test_traces_batch.py::TestBatchTraceCreation::test_create_traces_batch_invalid_trace PASSED [ 72%]
tests/test_traces_batch.py::TestBatchTraceCreation::test_create_traces_batch_with_metadata PASSED [ 73%]
tests/test_traces_batch.py::TestBatchTraceCreation::test_create_traces_batch_transaction_isolation PASSED [ 74%]
tests/test_training_schema.py::TestTrainingExample::test_training_example_valid PASSED [ 75%]
tests/test_training_schema.py::TestTrainingExample::test_training_example_auto_id PASSED [ 75%]
tests/test_training_schema.py::TestTrainingExample::test_training_example_empty_prompt PASSED [ 76%]
tests/test_training_schema.py::TestTrainingExample::test_training_example_empty_response PASSED [ 77%]
tests/test_training_schema.py::TestTrainingExample::test_training_example_metadata_optional PASSED [ 78%]
tests/test_training_schema.py::TestTrainingExample::test_training_example_serialization PASSED [ 78%]
tests/test_training_schema.py::TestTrainingExampleCreate::test_create_valid PASSED [ 79%]
tests/test_training_schema.py::TestTrainingExampleCreate::test_create_no_auto_id PASSED [ 80%]
tests/test_training_schema.py::TestTrainingManifest::test_manifest_valid PASSED [ 81%]
tests/test_training_schema.py::TestTrainingManifest::test_manifest_auto_fields PASSED [ 81%]
tests/test_training_schema.py::TestTrainingManifest::test_manifest_git_sha_optional PASSED [ 82%]
tests/test_training_schema.py::TestTrainingManifest::test_manifest_metadata_optional PASSED [ 83%]
tests/test_training_schema.py::TestEvaluationResult::test_result_valid PASSED [ 84%]
tests/test_training_schema.py::TestEvaluationResult::test_result_optional_fields PASSED [ 84%]
tests/test_training_schema.py::TestEvaluationManifest::test_eval_manifest_valid PASSED [ 85%]
tests/test_training_schema.py::TestEvaluationManifest::test_eval_manifest_auto_fields PASSED [ 86%]
tests/test_training_schema.py::TestEvaluationManifest::test_eval_manifest_optional_fields PASSED [ 87%]
tests/test_training_schema.py::TestEvaluationManifest::test_eval_manifest_results_count_non_negative PASSED [ 87%]
tests/test_ungar.py::test_ungar_status_without_ungar_installed PASSED    [ 88%]
tests/test_ungar.py::test_ungar_generate_returns_501_without_ungar_installed PASSED [ 89%]
tests/test_ungar.py::test_ungar_export_jsonl_returns_empty_when_no_ungar_traces PASSED [ 90%]
tests/test_ungar.py::test_ungar_export_jsonl_with_limit_param PASSED     [ 90%]
tests/test_ungar.py::test_ungar_export_jsonl_with_trace_ids PASSED       [ 91%]
tests/test_ungar.py::test_ungar_status_with_ungar_installed SKIPPED      [ 92%]
tests/test_ungar.py::test_ungar_generate_creates_traces SKIPPED (UNG...) [ 93%]
tests/test_ungar.py::test_ungar_generate_without_persist SKIPPED (UN...) [ 93%]
tests/test_ungar.py::test_ungar_generate_validates_count SKIPPED (UN...) [ 94%]
tests/test_ungar.py::test_ungar_export_jsonl_basic SKIPPED (UNGAR no...) [ 95%]
tests/test_ungar.py::test_ungar_integration_end_to_end SKIPPED (UNGA...) [ 96%]
tests/test_ungar_availability.py::test_ungar_available_returns_false_when_not_installed PASSED [ 96%]
tests/test_ungar_availability.py::test_ungar_version_returns_none_when_not_installed PASSED [ 97%]
tests/test_ungar_availability.py::test_ungar_available_returns_true_when_mocked PASSED [ 98%]
tests/test_ungar_availability.py::test_ungar_version_returns_version_when_mocked PASSED [ 99%]
tests/test_ungar_availability.py::test_ungar_version_returns_unknown_when_no_version_attr PASSED [100%]

============================== warnings summary ===============================
C:\Users\micha\AppData\Local\Programs\Python\Python313\Lib\site-packages\_pytest\config\__init__.py:1303
  C:\Users\micha\AppData\Local\Programs\Python\Python313\Lib\site-packages\_pytest\config\__init__.py:1303: PytestAssertRewriteWarning: Module already imported so cannot be rewritten; anyio
    self._mark_plugins_for_rewrite(hook, disable_autoload)

tests/test_datasets.py::TestDatasetBuildEndpoint::test_build_dataset_random_requires_seed
tests/test_datasets.py::TestDatasetExportEndpoint::test_export_dataset_invalid_format
  C:\Users\micha\AppData\Local\Programs\Python\Python313\Lib\site-packages\fastapi\routing.py:314: DeprecationWarning: 'HTTP_422_UNPROCESSABLE_ENTITY' is deprecated. Use 'HTTP_422_UNPROCESSABLE_CONTENT' instead.
    return await dependant.call(**values)

tests/test_training_schema.py::TestTrainingManifest::test_manifest_valid
tests/test_training_schema.py::TestTrainingManifest::test_manifest_auto_fields
tests/test_training_schema.py::TestTrainingManifest::test_manifest_auto_fields
tests/test_training_schema.py::TestTrainingManifest::test_manifest_git_sha_optional
tests/test_training_schema.py::TestTrainingManifest::test_manifest_metadata_optional
  D:\Coding\tunix-rt\backend\tunix_rt_backend\training\schema.py:72: DeprecationWarning: datetime.datetime.utcnow() is deprecated and scheduled for removal in a future version. Use timezone-aware objects to represent datetimes in UTC: datetime.datetime.now(datetime.UTC).
    default_factory=lambda: datetime.utcnow(), description="Run creation time"

tests/test_training_schema.py::TestEvaluationManifest::test_eval_manifest_valid
tests/test_training_schema.py::TestEvaluationManifest::test_eval_manifest_auto_fields
tests/test_training_schema.py::TestEvaluationManifest::test_eval_manifest_optional_fields
tests/test_training_schema.py::TestEvaluationManifest::test_eval_manifest_results_count_non_negative
  D:\Coding\tunix-rt\backend\tunix_rt_backend\training\schema.py:124: DeprecationWarning: datetime.datetime.utcnow() is deprecated and scheduled for removal in a future version. Use timezone-aware objects to represent datetimes in UTC: datetime.datetime.now(datetime.UTC).
    default_factory=lambda: datetime.utcnow(), description="Eval creation time"

-- Docs: https://docs.pytest.org/en/stable/how-to/capture-warnings.html
=============================== tests coverage ================================
______________ coverage: platform win32, python 3.13.11-final-0 _______________

Name                                                  Stmts   Miss Branch BrPart  Cover   Missing
-------------------------------------------------------------------------------------------------
tunix_rt_backend\__init__.py                              1      0      0      0   100%
tunix_rt_backend\app.py                                 217     99     58      1    52%   164, 228, 232-241, 271-279, 316, 362-380, 417-436, 440, 503-537, 575-605, 664-724, 780-863
tunix_rt_backend\db\__init__.py                           0      0      0      0   100%
tunix_rt_backend\db\base.py                              10      2      0      0    80%   46-47
tunix_rt_backend\db\models\__init__.py                    3      0      0      0   100%
tunix_rt_backend\db\models\score.py                      15      0      0      0   100%
tunix_rt_backend\db\models\trace.py                      13      0      0      0   100%
tunix_rt_backend\helpers\__init__.py                      2      0      0      0   100%
tunix_rt_backend\helpers\datasets.py                     38      0      4      0   100%
tunix_rt_backend\helpers\traces.py                       14      0      4      0   100%
tunix_rt_backend\integrations\__init__.py                 0      0      0      0   100%
tunix_rt_backend\integrations\ungar\__init__.py           0      0      0      0   100%
tunix_rt_backend\integrations\ungar\availability.py      14      2      2      0    88%   45-46
tunix_rt_backend\redi_client.py                          32      6      4      1    81%   17, 48, 57-60
tunix_rt_backend\schemas\__init__.py                      5      0      0      0   100%
tunix_rt_backend\schemas\dataset.py                      35      0      0      0   100%
tunix_rt_backend\schemas\score.py                        28      0      0      0   100%
tunix_rt_backend\schemas\trace.py                        50      1      4      1    96%   28
tunix_rt_backend\schemas\ungar.py                        13      0      0      0   100%
tunix_rt_backend\scoring.py                              11      0      0      0   100%
tunix_rt_backend\settings.py                             33      1      2      1    94%   52
tunix_rt_backend\training\__init__.py                     0      0      0      0   100%
tunix_rt_backend\training\renderers.py                   34      0      8      0   100%
tunix_rt_backend\training\schema.py                      40      0      0      0   100%
-------------------------------------------------------------------------------------------------
TOTAL                                                   608    111     86      4    79%
Required test coverage of 70.0% reached. Total coverage: 78.82%
=========================== short test summary info ===========================
SKIPPED [1] tests\test_ungar.py:137: UNGAR not installed; use: pip install -e '.[ungar]'
SKIPPED [1] tests\test_ungar.py:153: UNGAR not installed; use: pip install -e '.[ungar]'
SKIPPED [1] tests\test_ungar.py:186: UNGAR not installed; use: pip install -e '.[ungar]'
SKIPPED [1] tests\test_ungar.py:204: UNGAR not installed; use: pip install -e '.[ungar]'
SKIPPED [1] tests\test_ungar.py:226: UNGAR not installed; use: pip install -e '.[ungar]'
SKIPPED [1] tests\test_ungar.py:264: UNGAR not installed; use: pip install -e '.[ungar]'
================= 127 passed, 6 skipped, 12 warnings in 4.89s =================
